src/components/Domain/Announcement/Announcements/2026-03-27_1_welcome.tsx(6,25): error TS1005: '(' expected.
src/components/Domain/Announcement/Announcements/2026-03-27_1_welcome.tsx(6,34): error TS1005: ';' expected.
src/components/Domain/Announcement/Announcements/2026-03-27_1_welcome.tsx(6,34): error TS1351: An identifier or keyword cannot immediately follow a numeric literal.
src/components/Domain/Announcement/Announcements/2026-03-27_1_welcome.tsx(6,44): error TS1005: ';' expected.
src/components/Domain/Announcement/Announcements/2026-05-21_1_ai-providers.tsx(7,25): error TS1005: '(' expected.
src/components/Domain/Announcement/Announcements/2026-05-21_1_ai-providers.tsx(7,34): error TS1005: ';' expected.
src/components/Domain/Announcement/Announcements/2026-05-21_1_ai-providers.tsx(7,34): error TS1351: An identifier or keyword cannot immediately follow a numeric literal.
src/components/Domain/Announcement/Announcements/2026-05-21_1_ai-providers.tsx(7,48): error TS1005: ';' expected.
src/components/Domain/Announcement/Announcements/2026-05-31_1_iframe-embeds.tsx(5,25): error TS1005: '(' expected.
src/components/Domain/Announcement/Announcements/2026-05-31_1_iframe-embeds.tsx(5,34): error TS1005: ';' expected.
src/components/Domain/Announcement/Announcements/2026-05-31_1_iframe-embeds.tsx(5,34): error TS1351: An identifier or keyword cannot immediately follow a numeric literal.
src/components/Domain/Announcement/Announcements/2026-05-31_1_iframe-embeds.tsx(5,49): error TS1005: ';' expected.
src/components/Domain/Announcement/Announcements/2026-05-31_1_iframe-embeds.tsx(14,10): error TS17008: JSX element 'iframe' has no corresponding closing tag.
src/components/Domain/Announcement/Announcements/2026-07-27_1_oidc-email-verification.tsx(5,25): error TS1005: '(' expected.
src/components/Domain/Announcement/Announcements/2026-07-27_1_oidc-email-verification.tsx(5,34): error TS1005: ';' expected.
src/components/Domain/Announcement/Announcements/2026-07-27_1_oidc-email-verification.tsx(5,34): error TS1351: An identifier or keyword cannot immediately follow a numeric literal.
src/components/Domain/Announcement/Announcements/2026-07-27_1_oidc-email-verification.tsx(5,58): error TS1005: ';' expected.
src/components/Domain/Announcement/Announcements/2026-07-27_2_scraper-proxy-flaresolverr.tsx(5,25): error TS1005: '(' expected.
src/components/Domain/Announcement/Announcements/2026-07-27_2_scraper-proxy-flaresolverr.tsx(5,34): error TS1005: ';' expected.
src/components/Domain/Announcement/Announcements/2026-07-27_2_scraper-proxy-flaresolverr.tsx(5,34): error TS1351: An identifier or keyword cannot immediately follow a numeric literal.
src/components/Domain/Announcement/Announcements/2026-07-27_2_scraper-proxy-flaresolverr.tsx(5,61): error TS1005: ';' expected.
src/components/Domain/Announcement/Announcements/2026-09-04_1_outbound-request-protection.tsx(5,25): error TS1005: '(' expected.
src/components/Domain/Announcement/Announcements/2026-09-04_1_outbound-request-protection.tsx(5,34): error TS1005: ';' expected.
src/components/Domain/Announcement/Announcements/2026-09-04_1_outbound-request-protection.tsx(5,34): error TS1351: An identifier or keyword cannot immediately follow a numeric literal.
src/components/Domain/Announcement/Announcements/2026-09-04_1_outbound-request-protection.tsx(5,62): error TS1005: ';' expected.
src/components/Domain/Group/GroupAIProviderSettingsEditor.tsx(23,105): error TS1135: Argument expression expected.
src/components/Domain/Group/GroupDataPage.tsx(21,20): error TS1359: Identifier expected. 'false' is a reserved word that cannot be used here.
src/components/Domain/Group/GroupDataPage.tsx(21,25): error TS1005: ':' expected.
src/components/Domain/Group/GroupDataPage.tsx(21,104): error TS1005: '=>' expected.
src/components/Domain/Group/GroupDataPage.tsx(167,1): error TS1005: '}' expected.
src/components/Domain/Household/GroupMealPlanEntryDialog.tsx(44,47): error TS1109: Expression expected.
src/components/Domain/QueryFilterBuilder.tsx(39,3): error TS1109: Expression expected.
src/components/Domain/QueryFilterBuilder.tsx(335,48): error TS1109: Expression expected.
src/components/Domain/QueryFilterBuilder.tsx(336,59): error TS1109: Expression expected.
src/components/Domain/QueryFilterBuilder.tsx(476,72): error TS1109: Expression expected.
src/components/Domain/QueryFilterBuilder.tsx(496,78): error TS1109: Expression expected.
src/components/Domain/Recipe/RecipeActionMenu.tsx(42,3): error TS1109: Expression expected.
src/components/Domain/Recipe/RecipeAssets.tsx(22,3): error TS1109: Expression expected.
src/components/Domain/Recipe/RecipeCardRating.tsx(14,3): error TS1109: Expression expected.
src/components/Domain/Recipe/RecipeCardRating.tsx(42,7): error TS1135: Argument expression expected.
src/components/Domain/Recipe/RecipeContextMenu/RecipeContextMenuContent.tsx(207,105): error TS1135: Argument expression expected.
src/components/Domain/Recipe/RecipeContextMenu/RecipeContextMenuContent.tsx(231,94): error TS1135: Argument expression expected.
src/components/Domain/Recipe/RecipeImageLightbox.tsx(22,97): error TS1135: Argument expression expected.
src/components/Domain/Recipe/RecipeImageLightbox.tsx(26,74): error TS1135: Argument expression expected.
src/components/Domain/Recipe/RecipeImageUploadBtn.tsx(67,96): error TS1135: Argument expression expected.
src/components/Domain/Recipe/RecipeIngredientEditor.tsx(44,3): error TS1109: Expression expected.
src/components/Domain/Recipe/RecipeIngredientEditor.tsx(124,99): error TS1135: Argument expression expected.
src/components/Domain/Recipe/RecipeIngredientEditor.tsx(159,99): error TS1135: Argument expression expected.
src/components/Domain/Recipe/RecipeIngredientHtml.tsx(12,3): error TS1109: Expression expected.
src/components/Domain/Recipe/RecipeIngredients.tsx(55,28): error TS1109: Expression expected.
src/components/Domain/Recipe/RecipeIngredients.tsx(55,47): error TS1005: ':' expected.
src/components/Domain/Recipe/RecipeOrganizerSelector.tsx(97,16): error TS1135: Argument expression expected.
src/components/Domain/Recipe/RecipePage/RecipePage.tsx(55,14): error TS1135: Argument expression expected.
src/components/Domain/Recipe/RecipePage/RecipePage.tsx(135,27): error TS1109: Expression expected.
src/components/Domain/Recipe/RecipePage/RecipePage.tsx(135,36): error TS1005: ')' expected.
src/components/Domain/Recipe/RecipePage/RecipePage.tsx(136,19): error TS1005: ';' expected.
src/components/Domain/Recipe/RecipePage/RecipePageParts/RecipePageIngredientToolsView.tsx(41,86): error TS1005: ',' expected.
src/components/Domain/Recipe/RecipePage/RecipePageParts/RecipePageIngredientToolsView.tsx(41,87): error TS1005: ')' expected.
src/components/Domain/Recipe/RecipePage/RecipePageParts/RecipePageIngredientToolsView.tsx(43,8): error TS1128: Declaration or statement expected.
src/components/Domain/Recipe/RecipePage/RecipePageParts/RecipePageIngredientToolsView.tsx(45,3): error TS1128: Declaration or statement expected.
src/components/Domain/Recipe/RecipePage/RecipePageParts/RecipePageIngredientToolsView.tsx(45,4): error TS1128: Declaration or statement expected.
src/components/Domain/Recipe/RecipePage/RecipePageParts/RecipePageIngredientToolsView.tsx(45,25): error TS1128: Declaration or statement expected.
src/components/Domain/Recipe/RecipePage/RecipePageParts/RecipePageIngredientToolsView.tsx(99,1): error TS1128: Declaration or statement expected.
src/components/Domain/Recipe/RecipePage/RecipePageParts/RecipePageInstructions.tsx(23,19): error TS1005: ';' expected.
src/components/Domain/Recipe/RecipePage/RecipePageParts/RecipePageInstructions.tsx(23,42): error TS1005: ':' expected.
src/components/Domain/Recipe/RecipePage/RecipePageParts/RecipePageInstructions.tsx(41,3): error TS1109: Expression expected.
src/components/Domain/Recipe/RecipePage/RecipePageParts/RecipePageInstructions.tsx(43,3): error TS1109: Expression expected.
src/components/Domain/Recipe/RecipePage/RecipePageParts/RecipePageInstructions.tsx(79,27): error TS1109: Expression expected.
src/components/Domain/Recipe/RecipePage/RecipePageParts/RecipePageInstructions.tsx(79,112): error TS1005: ')' expected.
src/components/Domain/Recipe/RecipePage/RecipePageParts/RecipePageInstructions.tsx(80,28): error TS1005: ';' expected.
src/components/Domain/Recipe/RecipePage/RecipePageParts/RecipePageInstructions.tsx(83,7): error TS1005: ',' expected.
src/components/Domain/Recipe/RecipePage/RecipePageParts/RecipePageInstructions.tsx(83,49): error TS1005: ')' expected.
src/components/Domain/Recipe/RecipePage/RecipePageParts/RecipePageInstructions.tsx(84,6): error TS1128: Declaration or statement expected.
src/components/Domain/Recipe/RecipePage/RecipePageParts/RecipePageInstructions.tsx(89,3): error TS1128: Declaration or statement expected.
src/components/Domain/Recipe/RecipePage/RecipePageParts/RecipePageInstructions.tsx(89,4): error TS1128: Declaration or statement expected.
src/components/Domain/Recipe/RecipePage/RecipePageParts/RecipePageInstructions.tsx(180,27): error TS1109: Expression expected.
src/components/Domain/Recipe/RecipePage/RecipePageParts/RecipePageInstructions.tsx(180,112): error TS1005: ')' expected.
src/components/Domain/Recipe/RecipePage/RecipePageParts/RecipePageInstructions.tsx(181,28): error TS1005: ';' expected.
src/components/Domain/Recipe/RecipePage/RecipePageParts/RecipePageInstructions.tsx(183,5): error TS1128: Declaration or statement expected.
src/components/Domain/Recipe/RecipePage/RecipePageParts/RecipePageInstructions.tsx(183,6): error TS1128: Declaration or statement expected.
src/components/Domain/Recipe/RecipePage/RecipePageParts/RecipePageInstructions.tsx(184,3): error TS1128: Declaration or statement expected.
src/components/Domain/Recipe/RecipePage/RecipePageParts/RecipePageInstructions.tsx(918,1): error TS1128: Declaration or statement expected.
src/components/Domain/Recipe/RecipeTimelineContextMenu.tsx(38,3): error TS1109: Expression expected.
src/components/Domain/Recipe/RecipeUnitSystemButton.tsx(44,108): error TS1135: Argument expression expected.
src/components/Domain/SearchFilter.tsx(18,3): error TS1109: Expression expected.
src/components/Domain/ShoppingList/ShoppingListItem.tsx(25,1): error TS1131: Property or signature expected.
src/components/Domain/ShoppingList/ShoppingListItem.tsx(36,3): error TS1109: Expression expected.
src/components/Domain/ShoppingList/ShoppingListItem.tsx(258,1): error TS1128: Declaration or statement expected.
src/components/Domain/User/UserAvatar.tsx(16,3): error TS1109: Expression expected.
src/components/Domain/User/UserRegistrationForm.tsx(22,3): error TS1109: Expression expected.
src/components/global/AppButtonCopy.tsx(20,3): error TS1109: Expression expected.
src/components/global/AppButtonUpload.tsx(29,3): error TS1109: Expression expected.
src/components/global/AppLoader.tsx(21,3): error TS1109: Expression expected.
src/components/global/AutoForm.tsx(27,3): error TS1109: Expression expected.
src/components/global/BaseButton.tsx(31,121): error TS1005: ':' expected.
src/components/global/BaseButton.tsx(36,3): error TS1109: Expression expected.
src/components/global/BaseButton.tsx(78,15): error TS1109: Expression expected.
src/components/global/BaseButtonGroup.tsx(16,3): error TS1109: Expression expected.
src/components/global/BaseOverflowButton.tsx(28,47): error TS1005: ',' expected.
src/components/global/BaseOverflowButton.tsx(28,54): error TS1005: ',' expected.
src/components/global/BaseOverflowButton.tsx(41,3): error TS1109: Expression expected.
src/components/global/BaseOverflowButton.tsx(50,7): error TS1135: Argument expression expected.
src/components/global/CrudTable.tsx(38,20): error TS1359: Identifier expected. 'false' is a reserved word that cannot be used here.
src/components/global/CrudTable.tsx(38,25): error TS1005: ':' expected.
src/components/global/CrudTable.tsx(38,120): error TS1005: '=>' expected.
src/components/global/CrudTable.tsx(43,3): error TS1109: Expression expected.
src/components/global/CrudTable.tsx(72,11): error TS1135: Argument expression expected.
src/components/global/CrudTable.tsx(173,1): error TS1005: '}' expected.
src/components/global/DevDumpJson.tsx(8,3): error TS1109: Expression expected.
src/components/global/DocLink.tsx(17,3): error TS1109: Expression expected.
src/components/global/DropZone.tsx(19,3): error TS1109: Expression expected.
src/components/global/InputLabelType.tsx(24,3): error TS1109: Expression expected.
src/components/global/MarkdownEditor.tsx(13,128): error TS1005: '=>' expected.
src/components/global/MarkdownEditor.tsx(18,3): error TS1109: Expression expected.
src/components/global/MarkdownEditor.tsx(61,1): error TS1005: '}' expected.
src/components/global/SafeMarkdown.tsx(13,3): error TS1109: Expression expected.
src/components/global/StatsCards.tsx(18,3): error TS1109: Expression expected.
src/components/Layout/LayoutParts/AppSidebar.tsx(26,3): error TS1109: Expression expected.
src/composables/partials/use-actions-factory.ts(166,24): error TS1109: Expression expected.
src/composables/partials/use-actions-factory.ts(183,24): error TS1109: Expression expected.
src/composables/partials/use-actions-factory.ts(193,28): error TS1109: Expression expected.
src/composables/partials/use-actions-factory.ts(205,16): error TS1109: Expression expected.
src/composables/recipe-page/use-cook-mode-query.test.ts(21,44): error TS1109: Expression expected.
src/composables/recipe-page/use-cook-mode-query.test.ts(22,13): error TS1005: ',' expected.
src/composables/recipe-page/use-cook-mode-query.test.ts(24,3): error TS1135: Argument expression expected.
src/composables/recipe-page/use-cook-mode-query.test.ts(24,5): error TS1005: ',' expected.
src/composables/recipe-page/use-cook-mode-query.test.ts(51,44): error TS1109: Expression expected.
src/composables/recipe-page/use-cook-mode-query.test.ts(52,13): error TS1005: ',' expected.
src/composables/recipe-page/use-cook-mode-query.test.ts(54,3): error TS1135: Argument expression expected.
src/composables/recipe-page/use-cook-mode-query.test.ts(54,5): error TS1005: ',' expected.
src/composables/recipes/use-parse-ingredients-dialog.ts(40,55): error TS1109: Expression expected.
src/composables/recipes/use-recipe-time.ts(29,52): error TS1109: Expression expected.
src/composables/recipes/use-recipe-time.ts(29,59): error TS1005: ':' expected.
src/composables/shopping-list-page/sub-composables/use-shopping-list-crud.ts(213,58): error TS1109: Expression expected.
src/composables/shopping-list-page/sub-composables/use-shopping-list-crud.ts(213,90): error TS1005: ')' expected.
src/composables/shopping-list-page/sub-composables/use-shopping-list-crud.ts(214,13): error TS1109: Expression expected.
src/composables/shopping-list-page/sub-composables/use-shopping-list-item-actions.ts(38,41): error TS1003: Identifier expected.
src/composables/shopping-list-page/sub-composables/use-shopping-list-item-actions.ts(38,42): error TS1003: Identifier expected.
src/composables/shopping-list-page/sub-composables/use-shopping-list-item-actions.ts(38,44): error TS1003: Identifier expected.
src/composables/shopping-list-page/sub-composables/use-shopping-list-search.ts(47,9): error TS1135: Argument expression expected.
src/composables/shopping-list-page/sub-composables/use-shopping-list-state.ts(51,50): error TS1135: Argument expression expected.
src/composables/use-announcements.ts(57,9): error TS1135: Argument expression expected.
src/composables/use-mealie-auth.ts(29,52): error TS1109: Expression expected.
src/composables/use-users/user-registration-form.ts(81,44): error TS1109: Expression expected.
src/layouts/error.tsx(25,3): error TS1109: Expression expected.
src/pages/admin/manage/users/[id].tsx(62,48): error TS1109: Expression expected.
src/pages/admin/manage/users/[id].tsx(62,57): error TS1005: ')' expected.
src/pages/admin/manage/users/[id].tsx(62,63): error TS1109: Expression expected.
src/pages/admin/manage/users/[id].tsx(72,17): error TS1109: Expression expected.
src/pages/admin/manage/users/[id].tsx(72,26): error TS1005: ')' expected.
src/pages/admin/manage/users/[id].tsx(72,32): error TS1109: Expression expected.
src/pages/admin/setup.tsx(333,24): error TS1109: Expression expected.
src/pages/admin/setup.tsx(333,44): error TS1005: ')' expected.
src/pages/admin/setup.tsx(334,42): error TS1005: ';' expected.
src/pages/admin/setup.tsx(337,24): error TS1109: Expression expected.
src/pages/admin/setup.tsx(337,42): error TS1005: ')' expected.
src/pages/admin/setup.tsx(338,40): error TS1005: ';' expected.
src/pages/group/data/categories.tsx(129,124): error TS1135: Argument expression expected.
src/pages/group/data/categories.tsx(130,121): error TS1135: Argument expression expected.
src/pages/group/data/foods.tsx(114,8): error TS1135: Argument expression expected.
