src/components/Domain/Announcement/Announcements/2026-05-31_1_iframe-embeds.tsx(14,10): error TS17008: JSX element 'iframe' has no corresponding closing tag.
src/components/Domain/Recipe/RecipeIngredientHtml.tsx(12,3): error TS1109: Expression expected.
src/components/Domain/Recipe/RecipePage/RecipePageParts/RecipePageIngredientToolsView.tsx(41,86): error TS1005: ',' expected.
src/components/Domain/Recipe/RecipePage/RecipePageParts/RecipePageIngredientToolsView.tsx(41,87): error TS1005: ')' expected.
src/components/Domain/Recipe/RecipePage/RecipePageParts/RecipePageIngredientToolsView.tsx(43,8): error TS1128: Declaration or statement expected.
src/components/Domain/Recipe/RecipePage/RecipePageParts/RecipePageIngredientToolsView.tsx(45,3): error TS1128: Declaration or statement expected.
src/components/Domain/Recipe/RecipePage/RecipePageParts/RecipePageIngredientToolsView.tsx(45,4): error TS1128: Declaration or statement expected.
src/components/Domain/Recipe/RecipePage/RecipePageParts/RecipePageIngredientToolsView.tsx(45,25): error TS1128: Declaration or statement expected.
src/components/Domain/Recipe/RecipePage/RecipePageParts/RecipePageIngredientToolsView.tsx(99,1): error TS1128: Declaration or statement expected.
src/components/Domain/Recipe/RecipePage/RecipePageParts/RecipePageInstructions.tsx(23,19): error TS1005: ';' expected.
src/components/Domain/Recipe/RecipePage/RecipePageParts/RecipePageInstructions.tsx(23,42): error TS1005: ':' expected.
src/components/Domain/Recipe/RecipePage/RecipePageParts/RecipeParseDialog/RecipePageParseDialog.tsx(9,23): error TS1005: ';' expected.
src/components/Domain/Recipe/RecipePage/RecipePageParts/RecipeParseDialog/RecipePageParseDialog.tsx(9,42): error TS1005: ':' expected.
src/components/Domain/Recipe/RecipePage/RecipePageParts/RecipeParseDialog/RecipePageParseDialog.tsx(52,152): error TS1005: '}' expected.
src/components/Domain/Recipe/RecipePage/RecipePageParts/RecipeParseDialog/RecipePageParseDialog.tsx(52,173): error TS1381: Unexpected token. Did you mean `{'}'}` or `&rbrace;`?
src/components/Domain/Recipe/RecipePage/RecipePageParts/RecipeParseDialog/RecipePageParseDialog.tsx(52,174): error TS1382: Unexpected token. Did you mean `{'>'}` or `&gt;`?
src/components/Domain/Recipe/RecipePage/RecipePageParts/RecipeParseDialog/RecipePageParseDialog.tsx(88,5): error TS17015: Expected corresponding closing tag for JSX fragment.
src/components/Domain/Recipe/RecipePage/RecipePageParts/RecipeParseDialog/RecipePageParseDialog.tsx(89,5): error TS1109: Expression expected.
src/components/Domain/Recipe/RecipePage/RecipePageParts/RecipeParseDialog/RecipePageParseDialog.tsx(89,7): error TS1109: Expression expected.
src/components/Domain/Recipe/RecipePage/RecipePageParts/RecipeParseDialog/RecipePageParseDialog.tsx(90,3): error TS1109: Expression expected.
src/components/Domain/SearchFilter.tsx(11,23): error TS1005: ';' expected.
src/components/Domain/SearchFilter.tsx(11,54): error TS1005: ':' expected.
src/components/Domain/ShoppingList/ShoppingListItem.tsx(27,1): error TS1131: Property or signature expected.
src/components/Domain/ShoppingList/ShoppingListItem.tsx(257,1): error TS1128: Declaration or statement expected.
src/components/Domain/User/UserRegistrationForm.tsx(12,23): error TS1005: ';' expected.
src/components/Domain/User/UserRegistrationForm.tsx(12,46): error TS1005: ':' expected.
src/components/global/BaseButton.tsx(31,121): error TS1005: ':' expected.
src/components/global/BaseButton.tsx(78,15): error TS1109: Expression expected.
src/components/global/BaseKeyValueEditor.tsx(8,23): error TS1005: ';' expected.
src/components/global/BaseKeyValueEditor.tsx(8,57): error TS1005: ':' expected.
src/components/global/InputLabelType.tsx(16,3): error TS1131: Property or signature expected.
src/components/global/InputLabelType.tsx(16,11): error TS1109: Expression expected.
src/components/global/InputLabelType.tsx(17,19): error TS1109: Expression expected.
src/components/global/InputLabelType.tsx(17,59): error TS1109: Expression expected.
src/components/global/InputLabelType.tsx(18,1): error TS1128: Declaration or statement expected.
src/components/global/InputLabelType.tsx(20,142): error TS1005: ',' expected.
src/components/global/InputLabelType.tsx(20,145): error TS1005: ';' expected.
src/components/global/InputLabelType.tsx(20,171): error TS1128: Declaration or statement expected.
src/components/global/InputLabelType.tsx(20,172): error TS1128: Declaration or statement expected.
src/components/global/InputLabelType.tsx(20,174): error TS1434: Unexpected keyword or identifier.
src/components/global/InputLabelType.tsx(20,179): error TS1128: Declaration or statement expected.
src/components/global/MarkdownEditor.tsx(11,19): error TS1005: ';' expected.
src/components/global/MarkdownEditor.tsx(11,38): error TS1005: ':' expected.
