src/components/Domain/Announcement/AnnouncementDialog.tsx(66,153): error TS1005: '}' expected.
src/components/Domain/Announcement/AnnouncementDialog.tsx(66,170): error TS1381: Unexpected token. Did you mean `{'}'}` or `&rbrace;`?
src/components/Domain/Announcement/AnnouncementDialog.tsx(66,171): error TS1382: Unexpected token. Did you mean `{'>'}` or `&gt;`?
src/components/Domain/Announcement/AnnouncementDialog.tsx(84,15): error TS17002: Expected corresponding JSX closing tag for 'List'.
src/components/Domain/Announcement/AnnouncementDialog.tsx(85,13): error TS1381: Unexpected token. Did you mean `{'}'}` or `&rbrace;`?
src/components/Domain/Announcement/AnnouncementDialog.tsx(86,11): error TS17002: Expected corresponding JSX closing tag for 'div'.
src/components/Domain/Announcement/AnnouncementDialog.tsx(108,9): error TS17002: Expected corresponding JSX closing tag for 'BaseDialog'.
src/components/Domain/Announcement/AnnouncementDialog.tsx(109,7): error TS1005: ')' expected.
src/components/Domain/Announcement/AnnouncementDialog.tsx(116,7): error TS17015: Expected corresponding closing tag for JSX fragment.
src/components/Domain/Announcement/AnnouncementDialog.tsx(117,3): error TS1109: Expression expected.
src/components/Domain/Announcement/AnnouncementDialog.tsx(117,5): error TS1128: Declaration or statement expected.
src/components/Domain/Announcement/AnnouncementDialog.tsx(118,5): error TS1128: Declaration or statement expected.
src/components/Domain/Announcement/AnnouncementDialog.tsx(118,7): error TS1109: Expression expected.
src/components/Domain/Announcement/AnnouncementDialog.tsx(119,3): error TS1109: Expression expected.
src/components/Domain/Announcement/AnnouncementDialog.tsx(120,1): error TS1128: Declaration or statement expected.
src/components/Domain/Announcement/Announcements/2026-03-27_1_welcome.tsx(6,25): error TS1005: '(' expected.
src/components/Domain/Announcement/Announcements/2026-03-27_1_welcome.tsx(6,34): error TS1005: ';' expected.
src/components/Domain/Announcement/Announcements/2026-03-27_1_welcome.tsx(6,34): error TS1351: An identifier or keyword cannot immediately follow a numeric literal.
src/components/Domain/Announcement/Announcements/2026-03-27_1_welcome.tsx(6,44): error TS1005: ';' expected.
src/components/Domain/Announcement/Announcements/2026-05-21_1_ai-providers.tsx(7,25): error TS1005: '(' expected.
src/components/Domain/Announcement/Announcements/2026-05-21_1_ai-providers.tsx(7,34): error TS1005: ';' expected.
src/components/Domain/Announcement/Announcements/2026-05-21_1_ai-providers.tsx(7,34): error TS1351: An identifier or keyword cannot immediately follow a numeric literal.
src/components/Domain/Announcement/Announcements/2026-05-21_1_ai-providers.tsx(7,48): error TS1005: ';' expected.
src/components/Domain/Announcement/Announcements/2026-05-31_1_iframe-embeds.tsx(5,25): error TS1005: '(' expected.
src/components/Domain/Announcement/Announcements/2026-05-31_1_iframe-embeds.tsx(5,34): error TS1005: ';' expected.
src/components/Domain/Announcement/Announcements/2026-05-31_1_iframe-embeds.tsx(5,34): error TS1351: An identifier or keyword cannot immediately follow a numeric literal.
src/components/Domain/Announcement/Announcements/2026-05-31_1_iframe-embeds.tsx(5,49): error TS1005: ';' expected.
src/components/Domain/Announcement/Announcements/2026-05-31_1_iframe-embeds.tsx(14,10): error TS17008: JSX element 'iframe' has no corresponding closing tag.
src/components/Domain/Announcement/Announcements/2026-07-27_1_oidc-email-verification.tsx(5,25): error TS1005: '(' expected.
src/components/Domain/Announcement/Announcements/2026-07-27_1_oidc-email-verification.tsx(5,34): error TS1005: ';' expected.
src/components/Domain/Announcement/Announcements/2026-07-27_1_oidc-email-verification.tsx(5,34): error TS1351: An identifier or keyword cannot immediately follow a numeric literal.
src/components/Domain/Announcement/Announcements/2026-07-27_1_oidc-email-verification.tsx(5,58): error TS1005: ';' expected.
src/components/Domain/Announcement/Announcements/2026-07-27_2_scraper-proxy-flaresolverr.tsx(5,25): error TS1005: '(' expected.
src/components/Domain/Announcement/Announcements/2026-07-27_2_scraper-proxy-flaresolverr.tsx(5,34): error TS1005: ';' expected.
src/components/Domain/Announcement/Announcements/2026-07-27_2_scraper-proxy-flaresolverr.tsx(5,34): error TS1351: An identifier or keyword cannot immediately follow a numeric literal.
src/components/Domain/Announcement/Announcements/2026-07-27_2_scraper-proxy-flaresolverr.tsx(5,61): error TS1005: ';' expected.
src/components/Domain/Announcement/Announcements/2026-09-04_1_outbound-request-protection.tsx(5,25): error TS1005: '(' expected.
src/components/Domain/Announcement/Announcements/2026-09-04_1_outbound-request-protection.tsx(5,34): error TS1005: ';' expected.
src/components/Domain/Announcement/Announcements/2026-09-04_1_outbound-request-protection.tsx(5,34): error TS1351: An identifier or keyword cannot immediately follow a numeric literal.
src/components/Domain/Announcement/Announcements/2026-09-04_1_outbound-request-protection.tsx(5,62): error TS1005: ';' expected.
src/components/Domain/Group/GroupAIProviderSettingsEditor.tsx(23,105): error TS1135: Argument expression expected.
src/components/Domain/Group/GroupDataPage.tsx(34,77): error TS1109: Expression expected.
src/components/Domain/Group/GroupDataPage.tsx(35,6): error TS1128: Declaration or statement expected.
src/components/Domain/Group/GroupDataPage.tsx(38,15): error TS1005: ';' expected.
src/components/Domain/Group/GroupDataPage.tsx(39,5): error TS1109: Expression expected.
src/components/Domain/Group/GroupDataPage.tsx(39,6): error TS1128: Declaration or statement expected.
src/components/Domain/Group/GroupDataPage.tsx(42,15): error TS1005: ';' expected.
src/components/Domain/Group/GroupDataPage.tsx(43,5): error TS1109: Expression expected.
src/components/Domain/Group/GroupDataPage.tsx(43,6): error TS1128: Declaration or statement expected.
src/components/Domain/Group/GroupDataPage.tsx(46,7): error TS1109: Expression expected.
src/components/Domain/Group/GroupDataPage.tsx(46,14): error TS1128: Declaration or statement expected.
src/components/Domain/Group/GroupDataPage.tsx(47,5): error TS1109: Expression expected.
src/components/Domain/Group/GroupDataPage.tsx(47,6): error TS1128: Declaration or statement expected.
src/components/Domain/Group/GroupDataPage.tsx(50,7): error TS1109: Expression expected.
src/components/Domain/Group/GroupDataPage.tsx(50,14): error TS1128: Declaration or statement expected.
src/components/Domain/Group/GroupDataPage.tsx(51,5): error TS1109: Expression expected.
src/components/Domain/Group/GroupDataPage.tsx(51,6): error TS1128: Declaration or statement expected.
src/components/Domain/Group/GroupDataPage.tsx(52,3): error TS1128: Declaration or statement expected.
src/components/Domain/Group/GroupDataPage.tsx(52,4): error TS1128: Declaration or statement expected.
src/components/Domain/Group/GroupDataPage.tsx(178,1): error TS1128: Declaration or statement expected.
src/components/Domain/Household/GroupMealPlanEntryDialog.tsx(44,47): error TS1109: Expression expected.
src/components/Domain/Household/HouseholdPreferencesEditor.tsx(9,1): error TS1131: Property or signature expected.
src/components/Domain/Household/HouseholdPreferencesEditor.tsx(136,1): error TS1128: Declaration or statement expected.
src/components/Domain/QueryFilterBuilder.tsx(36,3): error TS1109: Expression expected.
src/components/Domain/QueryFilterBuilder.tsx(332,48): error TS1109: Expression expected.
src/components/Domain/QueryFilterBuilder.tsx(333,59): error TS1109: Expression expected.
src/components/Domain/QueryFilterBuilder.tsx(473,72): error TS1109: Expression expected.
src/components/Domain/QueryFilterBuilder.tsx(493,78): error TS1109: Expression expected.
src/components/Domain/Recipe/RecipeActionMenu.tsx(42,3): error TS1109: Expression expected.
src/components/Domain/Recipe/RecipeAssets.tsx(22,3): error TS1109: Expression expected.
src/components/Domain/Recipe/RecipeCardRating.tsx(14,3): error TS1109: Expression expected.
src/components/Domain/Recipe/RecipeCardRating.tsx(42,7): error TS1135: Argument expression expected.
src/components/Domain/Recipe/RecipeContextMenu/RecipeContextMenuContent.tsx(207,105): error TS1135: Argument expression expected.
src/components/Domain/Recipe/RecipeContextMenu/RecipeContextMenuContent.tsx(231,94): error TS1135: Argument expression expected.
src/components/Domain/Recipe/RecipeImageLightbox.tsx(22,97): error TS1135: Argument expression expected.
src/components/Domain/Recipe/RecipeImageLightbox.tsx(26,74): error TS1135: Argument expression expected.
src/components/Domain/Recipe/RecipeImageUploadBtn.tsx(67,96): error TS1135: Argument expression expected.
src/components/Domain/Recipe/RecipeIngredientEditor.tsx(44,3): error TS1109: Expression expected.
src/components/Domain/Recipe/RecipeIngredientEditor.tsx(124,99): error TS1135: Argument expression expected.
src/components/Domain/Recipe/RecipeIngredientEditor.tsx(159,99): error TS1135: Argument expression expected.
src/components/Domain/Recipe/RecipeIngredientHtml.tsx(12,3): error TS1109: Expression expected.
src/components/Domain/Recipe/RecipeIngredients.tsx(55,28): error TS1109: Expression expected.
src/components/Domain/Recipe/RecipeIngredients.tsx(55,47): error TS1005: ':' expected.
src/components/Domain/Recipe/RecipeOrganizerSelector.tsx(97,16): error TS1135: Argument expression expected.
src/components/Domain/Recipe/RecipePage/RecipePage.tsx(55,14): error TS1135: Argument expression expected.
src/components/Domain/Recipe/RecipePage/RecipePage.tsx(135,27): error TS1109: Expression expected.
src/components/Domain/Recipe/RecipePage/RecipePage.tsx(135,36): error TS1005: ')' expected.
src/components/Domain/Recipe/RecipePage/RecipePage.tsx(136,19): error TS1005: ';' expected.
src/components/Domain/Recipe/RecipePage/RecipePageParts/RecipePageIngredientToolsView.tsx(41,86): error TS1005: ',' expected.
src/components/Domain/Recipe/RecipePage/RecipePageParts/RecipePageIngredientToolsView.tsx(41,87): error TS1005: ')' expected.
src/components/Domain/Recipe/RecipePage/RecipePageParts/RecipePageIngredientToolsView.tsx(43,8): error TS1128: Declaration or statement expected.
src/components/Domain/Recipe/RecipePage/RecipePageParts/RecipePageIngredientToolsView.tsx(45,3): error TS1128: Declaration or statement expected.
src/components/Domain/Recipe/RecipePage/RecipePageParts/RecipePageIngredientToolsView.tsx(45,4): error TS1128: Declaration or statement expected.
src/components/Domain/Recipe/RecipePage/RecipePageParts/RecipePageIngredientToolsView.tsx(45,25): error TS1128: Declaration or statement expected.
src/components/Domain/Recipe/RecipePage/RecipePageParts/RecipePageIngredientToolsView.tsx(99,1): error TS1128: Declaration or statement expected.
src/components/Domain/Recipe/RecipePage/RecipePageParts/RecipePageInstructions.tsx(23,19): error TS1005: ';' expected.
src/components/Domain/Recipe/RecipePage/RecipePageParts/RecipePageInstructions.tsx(23,42): error TS1005: ':' expected.
src/components/Domain/Recipe/RecipePage/RecipePageParts/RecipePageInstructions.tsx(41,3): error TS1109: Expression expected.
src/components/Domain/Recipe/RecipePage/RecipePageParts/RecipePageInstructions.tsx(43,3): error TS1109: Expression expected.
src/components/Domain/Recipe/RecipePage/RecipePageParts/RecipePageInstructions.tsx(79,27): error TS1109: Expression expected.
src/components/Domain/Recipe/RecipePage/RecipePageParts/RecipePageInstructions.tsx(79,112): error TS1005: ')' expected.
src/components/Domain/Recipe/RecipePage/RecipePageParts/RecipePageInstructions.tsx(80,28): error TS1005: ';' expected.
src/components/Domain/Recipe/RecipePage/RecipePageParts/RecipePageInstructions.tsx(83,7): error TS1005: ',' expected.
src/components/Domain/Recipe/RecipePage/RecipePageParts/RecipePageInstructions.tsx(83,49): error TS1005: ')' expected.
src/components/Domain/Recipe/RecipePage/RecipePageParts/RecipePageInstructions.tsx(84,6): error TS1128: Declaration or statement expected.
src/components/Domain/Recipe/RecipePage/RecipePageParts/RecipePageInstructions.tsx(89,3): error TS1128: Declaration or statement expected.
src/components/Domain/Recipe/RecipePage/RecipePageParts/RecipePageInstructions.tsx(89,4): error TS1128: Declaration or statement expected.
src/components/Domain/Recipe/RecipePage/RecipePageParts/RecipePageInstructions.tsx(180,27): error TS1109: Expression expected.
src/components/Domain/Recipe/RecipePage/RecipePageParts/RecipePageInstructions.tsx(180,112): error TS1005: ')' expected.
src/components/Domain/Recipe/RecipePage/RecipePageParts/RecipePageInstructions.tsx(181,28): error TS1005: ';' expected.
src/components/Domain/Recipe/RecipePage/RecipePageParts/RecipePageInstructions.tsx(183,5): error TS1128: Declaration or statement expected.
src/components/Domain/Recipe/RecipePage/RecipePageParts/RecipePageInstructions.tsx(183,6): error TS1128: Declaration or statement expected.
src/components/Domain/Recipe/RecipePage/RecipePageParts/RecipePageInstructions.tsx(184,3): error TS1128: Declaration or statement expected.
src/components/Domain/Recipe/RecipePage/RecipePageParts/RecipePageInstructions.tsx(918,1): error TS1128: Declaration or statement expected.
src/components/Domain/Recipe/RecipePage/RecipePageParts/RecipeParseDialog/ParseDialogChangeParser.tsx(49,111): error TS1005: '}' expected.
src/components/Domain/Recipe/RecipePage/RecipePageParts/RecipeParseDialog/ParseDialogChangeParser.tsx(50,22): error TS1381: Unexpected token. Did you mean `{'}'}` or `&rbrace;`?
src/components/Domain/Recipe/RecipePage/RecipePageParts/RecipeParseDialog/ParseDialogChangeParser.tsx(50,23): error TS1382: Unexpected token. Did you mean `{'>'}` or `&gt;`?
src/components/Domain/Recipe/RecipePage/RecipePageParts/RecipeParseDialog/ParseDialogChangeParser.tsx(52,11): error TS17002: Expected corresponding JSX closing tag for 'List'.
src/components/Domain/Recipe/RecipePage/RecipePageParts/RecipeParseDialog/ParseDialogChangeParser.tsx(53,9): error TS1381: Unexpected token. Did you mean `{'}'}` or `&rbrace;`?
src/components/Domain/Recipe/RecipePage/RecipePageParts/RecipeParseDialog/ParseDialogChangeParser.tsx(54,7): error TS17002: Expected corresponding JSX closing tag for 'BaseDialog'.
src/components/Domain/Recipe/RecipePage/RecipePageParts/RecipeParseDialog/ParseDialogChangeParser.tsx(55,5): error TS17015: Expected corresponding closing tag for JSX fragment.
src/components/Domain/Recipe/RecipePage/RecipePageParts/RecipeParseDialog/ParseDialogChangeParser.tsx(56,5): error TS1109: Expression expected.
src/components/Domain/Recipe/RecipePage/RecipePageParts/RecipeParseDialog/ParseDialogChangeParser.tsx(56,7): error TS1109: Expression expected.
src/components/Domain/Recipe/RecipePage/RecipePageParts/RecipeParseDialog/ParseDialogChangeParser.tsx(57,3): error TS1109: Expression expected.
src/components/Domain/Recipe/RecipePrintView.tsx(26,1): error TS1131: Property or signature expected.
src/components/Domain/Recipe/RecipePrintView.tsx(29,1): error TS1131: Property or signature expected.
src/components/Domain/Recipe/RecipePrintView.tsx(32,33): error TS1011: An element access expression should take an argument.
src/components/Domain/Recipe/RecipePrintView.tsx(37,30): error TS1011: An element access expression should take an argument.
src/components/Domain/Recipe/RecipePrintView.tsx(38,3): error TS1128: Declaration or statement expected.
src/components/Domain/Recipe/RecipePrintView.tsx(385,1): error TS1128: Declaration or statement expected.
src/components/Domain/Recipe/RecipeTimelineContextMenu.tsx(38,3): error TS1109: Expression expected.
src/components/Domain/Recipe/RecipeUnitSystemButton.tsx(44,108): error TS1135: Argument expression expected.
src/components/Domain/SearchFilter.tsx(18,3): error TS1109: Expression expected.
src/components/Domain/ShoppingList/ShoppingListAddItemForm.tsx(93,62): error TS1005: ')' expected.
src/components/Domain/ShoppingList/ShoppingListAddItemForm.tsx(93,77): error TS1381: Unexpected token. Did you mean `{'}'}` or `&rbrace;`?
src/components/Domain/ShoppingList/ShoppingListAddItemForm.tsx(93,80): error TS1382: Unexpected token. Did you mean `{'>'}` or `&gt;`?
src/components/Domain/ShoppingList/ShoppingListAddItemForm.tsx(94,17): error TS1381: Unexpected token. Did you mean `{'}'}` or `&rbrace;`?
src/components/Domain/ShoppingList/ShoppingListItem.tsx(33,3): error TS1109: Expression expected.
src/components/Domain/User/UserAvatar.tsx(16,3): error TS1109: Expression expected.
src/components/Domain/User/UserRegistrationForm.tsx(22,3): error TS1109: Expression expected.
src/components/global/AppButtonCopy.tsx(20,3): error TS1109: Expression expected.
src/components/global/AppButtonUpload.tsx(29,3): error TS1109: Expression expected.
src/components/global/AppLoader.tsx(21,3): error TS1109: Expression expected.
src/components/global/AutoForm.tsx(27,3): error TS1109: Expression expected.
src/components/global/BaseButton.tsx(31,121): error TS1005: ':' expected.
src/components/global/BaseButton.tsx(36,3): error TS1109: Expression expected.
src/components/global/BaseButton.tsx(78,15): error TS1109: Expression expected.
src/components/global/BaseButtonGroup.tsx(16,3): error TS1109: Expression expected.
src/components/global/BaseOverflowButton.tsx(28,47): error TS1005: ',' expected.
src/components/global/BaseOverflowButton.tsx(28,54): error TS1005: ',' expected.
src/components/global/BaseOverflowButton.tsx(41,3): error TS1109: Expression expected.
src/components/global/BaseOverflowButton.tsx(50,7): error TS1135: Argument expression expected.
src/components/global/CrudTable.tsx(35,77): error TS1109: Expression expected.
src/components/global/CrudTable.tsx(36,6): error TS1128: Declaration or statement expected.
src/components/global/CrudTable.tsx(39,15): error TS1005: ';' expected.
src/components/global/CrudTable.tsx(40,5): error TS1109: Expression expected.
src/components/global/CrudTable.tsx(40,6): error TS1128: Declaration or statement expected.
src/components/global/CrudTable.tsx(43,15): error TS1005: ';' expected.
src/components/global/CrudTable.tsx(44,5): error TS1109: Expression expected.
src/components/global/CrudTable.tsx(44,6): error TS1128: Declaration or statement expected.
src/components/global/CrudTable.tsx(47,7): error TS1109: Expression expected.
src/components/global/CrudTable.tsx(47,14): error TS1128: Declaration or statement expected.
src/components/global/CrudTable.tsx(48,5): error TS1109: Expression expected.
src/components/global/CrudTable.tsx(48,6): error TS1128: Declaration or statement expected.
src/components/global/CrudTable.tsx(51,7): error TS1109: Expression expected.
src/components/global/CrudTable.tsx(51,14): error TS1128: Declaration or statement expected.
src/components/global/CrudTable.tsx(52,5): error TS1109: Expression expected.
src/components/global/CrudTable.tsx(52,6): error TS1128: Declaration or statement expected.
src/components/global/CrudTable.tsx(55,7): error TS1109: Expression expected.
src/components/global/CrudTable.tsx(55,14): error TS1128: Declaration or statement expected.
src/components/global/CrudTable.tsx(56,5): error TS1109: Expression expected.
src/components/global/CrudTable.tsx(56,6): error TS1128: Declaration or statement expected.
src/components/global/CrudTable.tsx(57,3): error TS1128: Declaration or statement expected.
src/components/global/CrudTable.tsx(57,4): error TS1128: Declaration or statement expected.
src/components/global/CrudTable.tsx(88,11): error TS1135: Argument expression expected.
src/components/global/CrudTable.tsx(188,1): error TS1128: Declaration or statement expected.
src/components/global/DevDumpJson.tsx(8,3): error TS1109: Expression expected.
src/components/global/DocLink.tsx(17,3): error TS1109: Expression expected.
src/components/global/DropZone.tsx(19,3): error TS1109: Expression expected.
src/components/global/ImageCropper.tsx(16,1): error TS1131: Property or signature expected.
src/components/global/ImageCropper.tsx(151,1): error TS1128: Declaration or statement expected.
src/components/global/InputLabelType.tsx(24,3): error TS1109: Expression expected.
src/components/global/MarkdownEditor.tsx(15,77): error TS1109: Expression expected.
src/components/global/MarkdownEditor.tsx(16,6): error TS1128: Declaration or statement expected.
src/components/global/MarkdownEditor.tsx(17,3): error TS1128: Declaration or statement expected.
src/components/global/MarkdownEditor.tsx(17,4): error TS1128: Declaration or statement expected.
src/components/global/MarkdownEditor.tsx(61,1): error TS1128: Declaration or statement expected.
src/components/global/SafeMarkdown.tsx(13,3): error TS1109: Expression expected.
src/components/global/StatsCards.tsx(18,3): error TS1109: Expression expected.
src/components/Layout/LayoutParts/AppSidebar.tsx(26,3): error TS1109: Expression expected.
src/composables/partials/use-actions-factory.ts(166,24): error TS1109: Expression expected.
src/composables/partials/use-actions-factory.ts(183,24): error TS1109: Expression expected.
src/composables/partials/use-actions-factory.ts(193,28): error TS1109: Expression expected.
src/composables/partials/use-actions-factory.ts(205,16): error TS1109: Expression expected.
src/composables/recipe-page/use-cook-mode-query.test.ts(21,44): error TS1109: Expression expected.
src/composables/recipe-page/use-cook-mode-query.test.ts(22,13): error TS1005: ',' expected.
src/composables/recipe-page/use-cook-mode-query.test.ts(24,3): error TS1135: Argument expression expected.
src/composables/recipe-page/use-cook-mode-query.test.ts(24,5): error TS1005: ',' expected.
src/composables/recipe-page/use-cook-mode-query.test.ts(51,44): error TS1109: Expression expected.
src/composables/recipe-page/use-cook-mode-query.test.ts(52,13): error TS1005: ',' expected.
src/composables/recipe-page/use-cook-mode-query.test.ts(54,3): error TS1135: Argument expression expected.
src/composables/recipe-page/use-cook-mode-query.test.ts(54,5): error TS1005: ',' expected.
src/composables/recipes/use-parse-ingredients-dialog.ts(40,55): error TS1109: Expression expected.
src/composables/recipes/use-recipe-time.ts(29,52): error TS1109: Expression expected.
src/composables/recipes/use-recipe-time.ts(29,59): error TS1005: ':' expected.
src/composables/shopping-list-page/sub-composables/use-shopping-list-crud.ts(213,58): error TS1109: Expression expected.
src/composables/shopping-list-page/sub-composables/use-shopping-list-crud.ts(213,90): error TS1005: ')' expected.
src/composables/shopping-list-page/sub-composables/use-shopping-list-crud.ts(214,13): error TS1109: Expression expected.
src/composables/shopping-list-page/sub-composables/use-shopping-list-item-actions.ts(38,41): error TS1003: Identifier expected.
src/composables/shopping-list-page/sub-composables/use-shopping-list-item-actions.ts(38,42): error TS1003: Identifier expected.
src/composables/shopping-list-page/sub-composables/use-shopping-list-item-actions.ts(38,44): error TS1003: Identifier expected.
src/composables/shopping-list-page/sub-composables/use-shopping-list-search.ts(47,9): error TS1135: Argument expression expected.
src/composables/shopping-list-page/sub-composables/use-shopping-list-state.ts(51,50): error TS1135: Argument expression expected.
src/composables/use-announcements.ts(57,9): error TS1135: Argument expression expected.
src/composables/use-mealie-auth.ts(29,52): error TS1109: Expression expected.
src/composables/use-users/user-registration-form.ts(81,44): error TS1109: Expression expected.
src/layouts/error.tsx(25,3): error TS1109: Expression expected.
src/pages/admin/manage/households/index.tsx(151,180): error TS1005: ')' expected.
src/pages/admin/manage/households/index.tsx(151,204): error TS1005: ';' expected.
src/pages/admin/manage/households/index.tsx(151,207): error TS1381: Unexpected token. Did you mean `{'}'}` or `&rbrace;`?
src/pages/admin/manage/households/index.tsx(151,208): error TS1381: Unexpected token. Did you mean `{'}'}` or `&rbrace;`?
src/pages/admin/manage/households/index.tsx(151,209): error TS1382: Unexpected token. Did you mean `{'>'}` or `&gt;`?
src/pages/admin/manage/households/index.tsx(154,21): error TS17002: Expected corresponding JSX closing tag for 'div'.
src/pages/admin/manage/households/index.tsx(155,19): error TS17015: Expected corresponding closing tag for JSX fragment.
src/pages/admin/manage/households/index.tsx(155,22): error TS1382: Unexpected token. Did you mean `{'>'}` or `&gt;`?
src/pages/admin/manage/households/index.tsx(156,17): error TS1003: Identifier expected.
src/pages/admin/manage/households/index.tsx(160,15): error TS17015: Expected corresponding closing tag for JSX fragment.
src/pages/admin/manage/households/index.tsx(160,22): error TS1382: Unexpected token. Did you mean `{'>'}` or `&gt;`?
src/pages/admin/manage/households/index.tsx(161,13): error TS1003: Identifier expected.
src/pages/admin/manage/households/index.tsx(162,9): error TS1005: ')' expected.
src/pages/admin/manage/households/index.tsx(162,11): error TS17002: Expected corresponding JSX closing tag for 'section'.
src/pages/admin/manage/households/index.tsx(163,15): error TS1381: Unexpected token. Did you mean `{'}'}` or `&rbrace;`?
src/pages/admin/manage/households/index.tsx(165,7): error TS17002: Expected corresponding JSX closing tag for 'Container'.
src/pages/admin/manage/households/index.tsx(166,5): error TS17015: Expected corresponding closing tag for JSX fragment.
src/pages/admin/manage/households/index.tsx(167,5): error TS1109: Expression expected.
src/pages/admin/manage/households/index.tsx(167,7): error TS1109: Expression expected.
src/pages/admin/manage/households/index.tsx(168,3): error TS1109: Expression expected.
src/pages/admin/manage/users/[id].tsx(62,48): error TS1109: Expression expected.
src/pages/admin/manage/users/[id].tsx(62,57): error TS1005: ')' expected.
src/pages/admin/manage/users/[id].tsx(62,63): error TS1109: Expression expected.
src/pages/admin/manage/users/[id].tsx(72,17): error TS1109: Expression expected.
src/pages/admin/manage/users/[id].tsx(72,26): error TS1005: ')' expected.
src/pages/admin/manage/users/[id].tsx(72,32): error TS1109: Expression expected.
src/pages/admin/setup.tsx(333,24): error TS1109: Expression expected.
src/pages/admin/setup.tsx(333,44): error TS1005: ')' expected.
src/pages/admin/setup.tsx(334,42): error TS1005: ';' expected.
src/pages/admin/setup.tsx(337,24): error TS1109: Expression expected.
src/pages/admin/setup.tsx(337,42): error TS1005: ')' expected.
src/pages/admin/setup.tsx(338,40): error TS1005: ';' expected.
src/pages/admin/site-settings.tsx(419,70): error TS1005: ')' expected.
src/pages/admin/site-settings.tsx(419,72): error TS1381: Unexpected token. Did you mean `{'}'}` or `&rbrace;`?
src/pages/admin/site-settings.tsx(419,73): error TS1382: Unexpected token. Did you mean `{'>'}` or `&gt;`?
src/pages/admin/site-settings.tsx(425,9): error TS17002: Expected corresponding JSX closing tag for 'div'.
src/pages/admin/site-settings.tsx(426,7): error TS17002: Expected corresponding JSX closing tag for 'Container'.
src/pages/admin/site-settings.tsx(564,5): error TS17015: Expected corresponding closing tag for JSX fragment.
src/pages/admin/site-settings.tsx(565,5): error TS1109: Expression expected.
src/pages/admin/site-settings.tsx(565,7): error TS1109: Expression expected.
src/pages/admin/site-settings.tsx(566,3): error TS1109: Expression expected.
src/pages/g/[groupSlug]/r/create/bulk.tsx(145,83): error TS1005: ')' expected.
src/pages/g/[groupSlug]/r/create/bulk.tsx(146,41): error TS1381: Unexpected token. Did you mean `{'}'}` or `&rbrace;`?
src/pages/g/[groupSlug]/r/create/bulk.tsx(146,42): error TS1382: Unexpected token. Did you mean `{'>'}` or `&gt;`?
src/pages/g/[groupSlug]/r/create/bulk.tsx(148,15): error TS17002: Expected corresponding JSX closing tag for 'CardActions'.
src/pages/g/[groupSlug]/r/create/bulk.tsx(159,13): error TS17002: Expected corresponding JSX closing tag for 'section'.
src/pages/g/[groupSlug]/r/create/bulk.tsx(174,11): error TS17002: Expected corresponding JSX closing tag for 'div'.
src/pages/g/[groupSlug]/r/create/bulk.tsx(181,5): error TS17015: Expected corresponding closing tag for JSX fragment.
src/pages/g/[groupSlug]/r/create/bulk.tsx(182,5): error TS1109: Expression expected.
src/pages/g/[groupSlug]/r/create/bulk.tsx(182,7): error TS1109: Expression expected.
src/pages/g/[groupSlug]/r/create/bulk.tsx(183,3): error TS1109: Expression expected.
src/pages/group/data/categories.tsx(129,124): error TS1135: Argument expression expected.
src/pages/group/data/categories.tsx(130,121): error TS1135: Argument expression expected.
src/pages/group/data/foods.tsx(111,8): error TS1135: Argument expression expected.
src/pages/group/data/recipes.tsx(439,56): error TS1005: '}' expected.
src/pages/group/data/recipes.tsx(440,40): error TS1381: Unexpected token. Did you mean `{'}'}` or `&rbrace;`?
src/pages/group/data/recipes.tsx(440,41): error TS1382: Unexpected token. Did you mean `{'>'}` or `&gt;`?
src/pages/group/data/recipes.tsx(446,13): error TS17002: Expected corresponding JSX closing tag for 'CardActions'.
src/pages/group/data/recipes.tsx(447,11): error TS17002: Expected corresponding JSX closing tag for 'Card'.
src/pages/group/data/recipes.tsx(448,9): error TS17002: Expected corresponding JSX closing tag for 'section'.
src/pages/group/data/recipes.tsx(449,7): error TS17002: Expected corresponding JSX closing tag for 'Container'.
src/pages/group/data/recipes.tsx(461,5): error TS17015: Expected corresponding closing tag for JSX fragment.
src/pages/group/data/recipes.tsx(462,5): error TS1109: Expression expected.
src/pages/group/data/recipes.tsx(462,7): error TS1109: Expression expected.
src/pages/group/data/recipes.tsx(463,3): error TS1109: Expression expected.
src/pages/group/data/units.tsx(22,1): error TS1131: Property or signature expected.
src/pages/group/data/units.tsx(398,1): error TS1128: Declaration or statement expected.
