src/components/Domain/Announcement/Announcements/2026-05-31_1_iframe-embeds.tsx(14,10): error TS17008: JSX element 'iframe' has no corresponding closing tag.
src/components/Domain/Group/GroupAIProviderDialog.tsx(16,3): error TS1109: Expression expected.
src/components/Domain/Group/GroupDataPage.tsx(24,20): error TS1359: Identifier expected. 'false' is a reserved word that cannot be used here.
src/components/Domain/Group/GroupDataPage.tsx(24,25): error TS1005: ':' expected.
src/components/Domain/Group/GroupDataPage.tsx(24,145): error TS1005: '=>' expected.
src/components/Domain/Group/GroupDataPage.tsx(31,3): error TS1109: Expression expected.
src/components/Domain/Group/GroupDataPage.tsx(165,1): error TS1005: '}' expected.
src/components/Domain/Household/GroupMealPlanEntryDialog.tsx(26,3): error TS1109: Expression expected.
src/components/Domain/Household/GroupWebhookEditor.tsx(17,3): error TS1109: Expression expected.
src/components/Domain/QueryFilterBuilder.tsx(41,3): error TS1109: Expression expected.
src/components/Domain/QueryFilterBuilder.tsx(43,3): error TS1109: Expression expected.
src/components/Domain/QueryFilterBuilder.tsx(334,48): error TS1109: Expression expected.
src/components/Domain/QueryFilterBuilder.tsx(335,59): error TS1109: Expression expected.
src/components/Domain/QueryFilterBuilder.tsx(475,72): error TS1109: Expression expected.
src/components/Domain/QueryFilterBuilder.tsx(495,78): error TS1109: Expression expected.
src/components/Domain/Recipe/RecipeActionMenu.tsx(42,3): error TS1109: Expression expected.
src/components/Domain/Recipe/RecipeAssets.tsx(22,3): error TS1109: Expression expected.
src/components/Domain/Recipe/RecipeCardRating.tsx(14,3): error TS1109: Expression expected.
src/components/Domain/Recipe/RecipeCardSection.tsx(39,3): error TS1109: Expression expected.
src/components/Domain/Recipe/RecipeContextMenu/RecipeContextMenuContent.tsx(78,3): error TS1109: Expression expected.
src/components/Domain/Recipe/RecipeDataAliasManagerDialog.tsx(25,3): error TS1109: Expression expected.
src/components/Domain/Recipe/RecipeDataSubstitutionManagerDialog.tsx(35,3): error TS1109: Expression expected.
src/components/Domain/Recipe/RecipeDialogBulkAdd.tsx(18,3): error TS1109: Expression expected.
src/components/Domain/Recipe/RecipeDialogSearch.tsx(23,3): error TS1109: Expression expected.
src/components/Domain/Recipe/RecipeExplorerPage/RecipeExplorerPageParts/RecipeExplorerPageSearch.tsx(16,3): error TS1109: Expression expected.
src/components/Domain/Recipe/RecipeImageUploadBtn.tsx(20,3): error TS1109: Expression expected.
src/components/Domain/Recipe/RecipeIngredientEditor.tsx(44,3): error TS1109: Expression expected.
src/components/Domain/Recipe/RecipeIngredientHtml.tsx(12,3): error TS1109: Expression expected.
src/components/Domain/Recipe/RecipeIngredients.tsx(55,28): error TS1109: Expression expected.
src/components/Domain/Recipe/RecipeIngredients.tsx(55,47): error TS1005: ':' expected.
src/components/Domain/Recipe/RecipeIngredientSubstitutionEditor.tsx(37,3): error TS1109: Expression expected.
src/components/Domain/Recipe/RecipeLastMade.tsx(25,3): error TS1109: Expression expected.
src/components/Domain/Recipe/RecipeOrganizerDialog.tsx(27,3): error TS1109: Expression expected.
src/components/Domain/Recipe/RecipeOrganizerPage.tsx(33,3): error TS1109: Expression expected.
src/components/Domain/Recipe/RecipePage/RecipePageParts/RecipePageIngredientToolsView.tsx(41,86): error TS1005: ',' expected.
src/components/Domain/Recipe/RecipePage/RecipePageParts/RecipePageIngredientToolsView.tsx(41,87): error TS1005: ')' expected.
src/components/Domain/Recipe/RecipePage/RecipePageParts/RecipePageIngredientToolsView.tsx(43,8): error TS1128: Declaration or statement expected.
src/components/Domain/Recipe/RecipePage/RecipePageParts/RecipePageIngredientToolsView.tsx(45,3): error TS1128: Declaration or statement expected.
src/components/Domain/Recipe/RecipePage/RecipePageParts/RecipePageIngredientToolsView.tsx(45,4): error TS1128: Declaration or statement expected.
src/components/Domain/Recipe/RecipePage/RecipePageParts/RecipePageIngredientToolsView.tsx(45,25): error TS1128: Declaration or statement expected.
src/components/Domain/Recipe/RecipePage/RecipePageParts/RecipePageIngredientToolsView.tsx(99,1): error TS1128: Declaration or statement expected.
src/components/Domain/Recipe/RecipePage/RecipePageParts/RecipePageInstructions.tsx(23,19): error TS1005: ';' expected.
src/components/Domain/Recipe/RecipePage/RecipePageParts/RecipePageInstructions.tsx(23,42): error TS1005: ':' expected.
src/components/Domain/Recipe/RecipePage/RecipePageParts/RecipePageInstructions.tsx(41,3): error TS1109: Expression expected.
src/components/Domain/Recipe/RecipePage/RecipePageParts/RecipePageInstructions.tsx(43,3): error TS1109: Expression expected.
src/components/Domain/Recipe/RecipePage/RecipePageParts/RecipeParseDialog/ParseDialogChangeParser.tsx(13,3): error TS1109: Expression expected.
src/components/Domain/Recipe/RecipePage/RecipePageParts/RecipeParseDialog/RecipePageParseDialog.tsx(18,3): error TS1109: Expression expected.
src/components/Domain/Recipe/RecipePage/RecipePageParts/RecipeParseDialog/RecipePageParseDialog.tsx(47,152): error TS1005: '}' expected.
src/components/Domain/Recipe/RecipePage/RecipePageParts/RecipeParseDialog/RecipePageParseDialog.tsx(47,173): error TS1381: Unexpected token. Did you mean `{'}'}` or `&rbrace;`?
src/components/Domain/Recipe/RecipePage/RecipePageParts/RecipeParseDialog/RecipePageParseDialog.tsx(47,174): error TS1382: Unexpected token. Did you mean `{'>'}` or `&gt;`?
src/components/Domain/Recipe/RecipePage/RecipePageParts/RecipeParseDialog/RecipePageParseDialog.tsx(83,5): error TS17015: Expected corresponding closing tag for JSX fragment.
src/components/Domain/Recipe/RecipePage/RecipePageParts/RecipeParseDialog/RecipePageParseDialog.tsx(84,5): error TS1109: Expression expected.
src/components/Domain/Recipe/RecipePage/RecipePageParts/RecipeParseDialog/RecipePageParseDialog.tsx(84,7): error TS1109: Expression expected.
src/components/Domain/Recipe/RecipePage/RecipePageParts/RecipeParseDialog/RecipePageParseDialog.tsx(85,3): error TS1109: Expression expected.
src/components/Domain/Recipe/RecipeSuggestion.tsx(42,3): error TS1109: Expression expected.
src/components/Domain/Recipe/RecipeTimelineContextMenu.tsx(38,3): error TS1109: Expression expected.
src/components/Domain/SearchFilter.tsx(11,23): error TS1005: ';' expected.
src/components/Domain/SearchFilter.tsx(11,54): error TS1005: ':' expected.
src/components/Domain/SearchFilter.tsx(19,3): error TS1109: Expression expected.
src/components/Domain/SearchFilter.tsx(23,3): error TS1109: Expression expected.
src/components/Domain/ShoppingList/ShoppingListItem.tsx(25,1): error TS1131: Property or signature expected.
src/components/Domain/ShoppingList/ShoppingListItem.tsx(36,3): error TS1109: Expression expected.
src/components/Domain/ShoppingList/ShoppingListItem.tsx(38,3): error TS1109: Expression expected.
src/components/Domain/ShoppingList/ShoppingListItem.tsx(255,1): error TS1128: Declaration or statement expected.
src/components/Domain/ShoppingList/ShoppingListItemDetails.tsx(26,3): error TS1109: Expression expected.
src/components/Domain/User/UserAvatar.tsx(16,3): error TS1109: Expression expected.
src/components/Domain/User/UserRegistrationForm.tsx(22,3): error TS1109: Expression expected.
src/components/global/AppButtonCopy.tsx(20,3): error TS1109: Expression expected.
src/components/global/AppButtonUpload.tsx(30,3): error TS1109: Expression expected.
src/components/global/AppButtonUpload.tsx(32,3): error TS1109: Expression expected.
src/components/global/AppLoader.tsx(21,3): error TS1109: Expression expected.
src/components/global/AutoForm.tsx(27,3): error TS1109: Expression expected.
src/components/global/BaseButton.tsx(31,121): error TS1005: ':' expected.
src/components/global/BaseButton.tsx(36,3): error TS1109: Expression expected.
src/components/global/BaseButton.tsx(78,15): error TS1109: Expression expected.
src/components/global/BaseButtonGroup.tsx(16,3): error TS1109: Expression expected.
src/components/global/BaseDialog.tsx(48,143): error TS1109: Expression expected.
src/components/global/BaseDialogContent.tsx(39,3): error TS1109: Expression expected.
src/components/global/BaseKeyValueEditor.tsx(20,3): error TS1109: Expression expected.
src/components/global/BaseOverflowButton.tsx(28,47): error TS1005: ',' expected.
src/components/global/BaseOverflowButton.tsx(28,54): error TS1005: ',' expected.
src/components/global/BaseOverflowButton.tsx(41,3): error TS1109: Expression expected.
src/components/global/CrudTable.tsx(39,20): error TS1359: Identifier expected. 'false' is a reserved word that cannot be used here.
src/components/global/CrudTable.tsx(39,25): error TS1005: ':' expected.
src/components/global/CrudTable.tsx(39,134): error TS1005: '=>' expected.
src/components/global/CrudTable.tsx(44,3): error TS1109: Expression expected.
src/components/global/CrudTable.tsx(46,3): error TS1109: Expression expected.
src/components/global/CrudTable.tsx(171,1): error TS1005: '}' expected.
src/components/global/DevDumpJson.tsx(8,3): error TS1109: Expression expected.
src/components/global/DocLink.tsx(17,3): error TS1109: Expression expected.
src/components/global/DropZone.tsx(19,3): error TS1109: Expression expected.
src/components/global/ImageCropper.tsx(28,3): error TS1109: Expression expected.
src/components/global/InputLabelType.tsx(25,3): error TS1109: Expression expected.
src/components/global/InputLabelType.tsx(27,3): error TS1109: Expression expected.
src/components/global/MarkdownEditor.tsx(11,19): error TS1005: ';' expected.
src/components/global/MarkdownEditor.tsx(11,38): error TS1005: ':' expected.
src/components/global/MarkdownEditor.tsx(14,117): error TS1180: Property destructuring pattern expected.
src/components/global/MarkdownEditor.tsx(14,145): error TS1005: '=>' expected.
src/components/global/MarkdownEditor.tsx(19,3): error TS1109: Expression expected.
src/components/global/MarkdownEditor.tsx(21,3): error TS1109: Expression expected.
src/components/global/MarkdownEditor.tsx(60,1): error TS1005: '}' expected.
src/components/global/ReportTable.tsx(24,3): error TS1109: Expression expected.
src/components/global/SafeMarkdown.tsx(13,3): error TS1109: Expression expected.
src/components/global/StatsCards.tsx(18,3): error TS1109: Expression expected.
src/components/Layout/LayoutParts/AppSidebar.tsx(26,3): error TS1109: Expression expected.
src/composables/partials/use-actions-factory.ts(166,24): error TS1109: Expression expected.
src/composables/partials/use-actions-factory.ts(183,24): error TS1109: Expression expected.
src/composables/partials/use-actions-factory.ts(193,28): error TS1109: Expression expected.
src/composables/partials/use-actions-factory.ts(205,16): error TS1109: Expression expected.
src/composables/recipes/use-recipe-time.ts(29,52): error TS1109: Expression expected.
src/composables/recipes/use-recipe-time.ts(29,59): error TS1005: ':' expected.
src/composables/shopping-list-page/sub-composables/use-shopping-list-item-actions.ts(38,41): error TS1003: Identifier expected.
src/composables/shopping-list-page/sub-composables/use-shopping-list-item-actions.ts(38,42): error TS1003: Identifier expected.
src/composables/shopping-list-page/sub-composables/use-shopping-list-item-actions.ts(38,44): error TS1003: Identifier expected.
src/layouts/error.tsx(25,3): error TS1109: Expression expected.
